error[E0425]: cannot find function `localtime` in crate `libc`
  --> $DIR/non_reentrant_functions.rs:11:25
   |
LL |         let _tm = libc::localtime(&0i64 as *const libc::time_t);
   |                         ^^^^^^^^^ help: a function with a similar name exists: `localtime_s`
  --> C:/Users/runneradmin/.cargo/registry/src/index.crates.io-6f17d22bba15001f/libc-0.2.140/src/windows/mod.rs:392:5
   |
   = note: similarly named function `localtime_s` defined here

error: consider using the reentrant version of the function
  --> $DIR/non_reentrant_functions.rs:11:19
   |
LL |         let _tm = libc::localtime(&0i64 as *const libc::time_t);
   |                   ^^^^^^^^^^^^^^^^^^^^^^^^^^^^^^^^^^^^^^^^^^^^^
   |
   = note: `-D clippy::non-reentrant-functions` implied by `-D warnings`

error: consider using the reentrant version of the function
  --> $DIR/non_reentrant_functions.rs:21:30
   |
LL |     let mut token = unsafe { libc::strtok(string, delim) };
   |                              ^^^^^^^^^^^^^^^^^^^^^^^^^^^

error: consider using the reentrant version of the function
  --> $DIR/non_reentrant_functions.rs:24:26
   |
LL |         token = unsafe { libc::strtok(std::ptr::null_mut(), delim) };
   |                          ^^^^^^^^^^^^^^^^^^^^^^^^^^^^^^^^^^^^^^^^^

error: aborting due to 4 previous errors

For more information about this error, try `rustc --explain E0425`.
